using System;
using System.Collections.Generic;
using System.ComponentModel.DataAnnotations;
using System.ComponentModel.DataAnnotations.Schema;

namespace E2ETest.Namespace
{
    public partial class SerialSequence
    {
        public int SomeField { get; set; }
    }
}
