using System;
using System.Collections.Generic;
using System.Net;
using System.Net.NetworkInformation;

namespace E2ETest.Namespace
{
    public partial class SpecialTypes
    {
        public int SpecialTypesId { get; set; }
        public IPAddress IpAddress { get; set; }
        public PhysicalAddress MacAddress { get; set; }
        public int[] IntArray { get; set; }
    }
}
