using System;
using System.Collections.Generic;

namespace E2ETest.Namespace
{
    public partial class IdNonSerialSequence
    {
        public int Id { get; set; }
    }
}
