using System;
using System.Collections.Generic;

namespace E2ETest.Namespace
{
    public partial class SerialSequence
    {
        public int Id { get; set; }
        public int SomeField { get; set; }
    }
}
